/home/bob/.pyenv/versions/3.11.10/lib/python3.11/site-packages/torch/cuda/__init__.py:58: FutureWarning: The pynvml package is deprecated. Please install nvidia-ml-py instead. If you did not install pynvml directly, please report this to the maintainers of the package that installed pynvml for you.
  import pynvml  # type: ignore[import]

=== solver=euler spacing=karras   FMD, IQM over seeds [95% bootstrap CI] ===
  NFE                    dit/eps                   dit/flow                   unet/eps                  unet/flow
    2    1103.97 [249.90,2619.95]     535.71 [532.72,537.45]  1647.41 [1414.52,1902.53]     519.31 [517.58,521.02]
       rank-stability P(best@k == best@N): k=1:0.32 k=2:0.67 k=3:1.00
    4      181.90 [133.04,268.24]     114.08 [111.44,117.62]        63.79 [56.38,70.62]      102.26 [97.44,105.65]
    8        71.52 [23.07,166.52]        20.88 [18.85,22.62]           8.93 [8.18,9.65]        15.18 [14.10,15.95]
   16         60.12 [6.53,166.69]           6.49 [5.47,7.48]           3.46 [3.08,4.13]           3.25 [2.75,3.74]
   32         49.91 [3.20,143.05]           3.52 [2.94,3.97]           3.31 [2.93,4.02]           1.24 [1.11,1.42]
   64         49.00 [2.30,142.22]           2.61 [2.28,2.92]           3.54 [3.14,4.25]           0.89 [0.74,0.97]
       rank-stability P(best@k == best@N): k=1:1.00 k=2:1.00 k=3:1.00

=== solver=euler spacing=t   FMD, IQM over seeds [95% bootstrap CI] ===
  NFE                    dit/eps                   dit/flow                   unet/eps                  unet/flow
    2    1103.97 [249.90,2619.95]     535.71 [532.72,537.45]  1647.41 [1414.52,1902.53]     519.31 [517.58,521.02]
       rank-stability P(best@k == best@N): k=1:0.32 k=2:0.67 k=3:1.00
    4       112.12 [86.97,151.50]        68.52 [68.16,68.91]      101.47 [59.43,128.89]        55.07 [54.55,55.35]
    8         44.62 [19.39,78.27]        13.86 [12.79,14.59]        22.72 [15.93,27.04]           8.95 [8.15,9.48]
   16         41.83 [6.50,108.77]           5.26 [4.47,5.93]          9.44 [8.37,10.42]           2.35 [2.06,2.59]
   32         40.34 [3.33,113.50]           3.24 [2.75,3.64]           5.94 [5.59,6.13]           1.11 [1.03,1.27]
   64         44.07 [2.36,127.21]           2.55 [2.23,2.81]           4.68 [4.20,5.13]           0.86 [0.71,0.94]
       rank-stability P(best@k == best@N): k=1:1.00 k=2:1.00 k=3:1.00

=== solver=euler spacing=u   FMD, IQM over seeds [95% bootstrap CI] ===
  NFE                    dit/eps                   dit/flow                   unet/eps                  unet/flow
    2    1103.97 [249.90,2619.95]     535.71 [532.72,537.45]  1647.41 [1414.52,1902.53]     519.31 [517.58,521.02]
       rank-stability P(best@k == best@N): k=1:0.32 k=2:0.67 k=3:1.00
    4       107.70 [80.20,145.88]        63.20 [62.81,63.64]       83.90 [48.18,108.41]        50.28 [50.14,50.40]
    8         47.22 [15.36,99.35]        12.01 [10.77,13.00]        15.12 [11.78,16.82]           7.57 [6.83,8.18]
   16         46.12 [5.47,125.22]           5.02 [4.24,5.58]           6.88 [6.70,7.18]           2.14 [1.79,2.43]
   32         45.48 [3.05,129.80]           3.11 [2.64,3.48]           4.71 [4.39,5.09]           1.05 [0.97,1.19]
   64         46.79 [2.27,135.57]           2.50 [2.19,2.75]           4.14 [3.82,4.71]           0.85 [0.69,0.96]
       rank-stability P(best@k == best@N): k=1:1.00 k=2:1.00 k=3:1.00

wrote /home/bob/napkin-dit/out/ablation-secondary.png
