/home/bob/.pyenv/versions/3.11.10/lib/python3.11/site-packages/torch/cuda/__init__.py:58: FutureWarning: The pynvml package is deprecated. Please install nvidia-ml-py instead. If you did not install pynvml directly, please report this to the maintainers of the package that installed pynvml for you.
  import pynvml  # type: ignore[import]
/home/bob/napkin-dit/napkin_dit.py:433: FutureWarning: You are using `torch.load` with `weights_only=False` (the current default value), which uses the default pickle module implicitly. It is possible to construct malicious pickle data which will execute arbitrary code during unpickling (See https://github.com/pytorch/pytorch/blob/main/SECURITY.md#untrusted-models for more details). In a future release, the default value for `weights_only` will be flipped to `True`. This limits the functions that could be executed during unpickling. Arbitrary objects will no longer be allowed to be loaded via this mode unless they are explicitly allowlisted by the user via `torch.serialization.add_safe_globals`. We recommend you start setting `weights_only=True` for any use case where you don't have full control of the loaded file. Please open an issue on GitHub for any issues related to this experimental feature.
  clf.load_state_dict(torch.load(p)); return clf.eval()
/home/bob/napkin-dit/napkin_dit.py:509: FutureWarning: You are using `torch.load` with `weights_only=False` (the current default value), which uses the default pickle module implicitly. It is possible to construct malicious pickle data which will execute arbitrary code during unpickling (See https://github.com/pytorch/pytorch/blob/main/SECURITY.md#untrusted-models for more details). In a future release, the default value for `weights_only` will be flipped to `True`. This limits the functions that could be executed during unpickling. Arbitrary objects will no longer be allowed to be loaded via this mode unless they are explicitly allowlisted by the user via `torch.serialization.add_safe_globals`. We recommend you start setting `weights_only=True` for any use case where you don't have full control of the loaded file. Please open an issue on GitHub for any issues related to this experimental feature.
  d = torch.load(ckpt_path(backbone, objective, seed), map_location=DEV)
unet/eps s1 euler/karras nfe=  2 FMD= 1414.522 (5s)
unet/eps s1 euler/karras nfe=  4 FMD=   56.383 (9s)
unet/eps s1 euler/karras nfe=  8 FMD=    8.979 (19s)
unet/eps s1 euler/karras nfe= 16 FMD=    4.131 (37s)
unet/eps s1 euler/karras nfe= 32 FMD=    4.016 (74s)
unet/eps s1 euler/karras nfe= 64 FMD=    4.253 (148s)
unet/eps s1 euler/u nfe=  2 FMD= 1414.522 (5s)
unet/eps s1 euler/u nfe=  4 FMD=   48.179 (9s)
unet/eps s1 euler/u nfe=  8 FMD=   11.782 (19s)
unet/eps s1 euler/u nfe= 16 FMD=    6.697 (37s)
unet/eps s1 euler/u nfe= 32 FMD=    5.093 (74s)
unet/eps s1 euler/u nfe= 64 FMD=    4.705 (148s)
unet/eps s1 euler/t nfe=  2 FMD= 1414.522 (5s)
unet/eps s1 euler/t nfe=  4 FMD=   59.431 (9s)
unet/eps s1 euler/t nfe=  8 FMD=   15.932 (19s)
unet/eps s1 euler/t nfe= 16 FMD=    8.366 (37s)
unet/eps s1 euler/t nfe= 32 FMD=    6.094 (74s)
unet/eps s1 euler/t nfe= 64 FMD=    5.128 (148s)
unet/flow s1 euler/karras nfe=  2 FMD=  519.325 (5s)
unet/flow s1 euler/karras nfe=  4 FMD=  103.685 (9s)
unet/flow s1 euler/karras nfe=  8 FMD=   15.496 (18s)
unet/flow s1 euler/karras nfe= 16 FMD=    3.253 (37s)
unet/flow s1 euler/karras nfe= 32 FMD=    1.191 (74s)
unet/flow s1 euler/karras nfe= 64 FMD=    0.737 (147s)
unet/flow s1 euler/u nfe=  2 FMD=  519.325 (5s)
unet/flow s1 euler/u nfe=  4 FMD=   50.136 (9s)
unet/flow s1 euler/u nfe=  8 FMD=    7.705 (18s)
unet/flow s1 euler/u nfe= 16 FMD=    2.210 (37s)
unet/flow s1 euler/u nfe= 32 FMD=    0.970 (74s)
unet/flow s1 euler/u nfe= 64 FMD=    0.685 (147s)
unet/flow s1 euler/t nfe=  2 FMD=  519.325 (5s)
unet/flow s1 euler/t nfe=  4 FMD=   54.547 (9s)
unet/flow s1 euler/t nfe=  8 FMD=    9.235 (18s)
unet/flow s1 euler/t nfe= 16 FMD=    2.404 (37s)
unet/flow s1 euler/t nfe= 32 FMD=    1.039 (74s)
unet/flow s1 euler/t nfe= 64 FMD=    0.715 (147s)
dit/eps s1 euler/karras nfe=  2 FMD=  249.900 (12s)
dit/eps s1 euler/karras nfe=  4 FMD=  144.413 (24s)
dit/eps s1 euler/karras nfe=  8 FMD=   24.954 (48s)
dit/eps s1 euler/karras nfe= 16 FMD=    7.141 (96s)
dit/eps s1 euler/karras nfe= 32 FMD=    3.479 (192s)
dit/eps s1 euler/karras nfe= 64 FMD=    2.466 (385s)
dit/eps s1 euler/u nfe=  2 FMD=  249.900 (12s)
dit/eps s1 euler/u nfe=  4 FMD=  145.878 (24s)
dit/eps s1 euler/u nfe=  8 FMD=   26.935 (48s)
dit/eps s1 euler/u nfe= 16 FMD=    7.671 (96s)
dit/eps s1 euler/u nfe= 32 FMD=    3.609 (193s)
dit/eps s1 euler/u nfe= 64 FMD=    2.520 (386s)
dit/eps s1 euler/t nfe=  2 FMD=  249.900 (12s)
dit/eps s1 euler/t nfe=  4 FMD=  151.498 (24s)
dit/eps s1 euler/t nfe=  8 FMD=   36.199 (48s)
dit/eps s1 euler/t nfe= 16 FMD=   10.212 (97s)
dit/eps s1 euler/t nfe= 32 FMD=    4.205 (193s)
dit/eps s1 euler/t nfe= 64 FMD=    2.654 (386s)
dit/flow s1 euler/karras nfe=  2 FMD=  532.719 (12s)
dit/flow s1 euler/karras nfe=  4 FMD=  113.168 (24s)
dit/flow s1 euler/karras nfe=  8 FMD=   21.163 (48s)
dit/flow s1 euler/karras nfe= 16 FMD=    6.523 (97s)
dit/flow s1 euler/karras nfe= 32 FMD=    3.649 (193s)
dit/flow s1 euler/karras nfe= 64 FMD=    2.646 (386s)
dit/flow s1 euler/u nfe=  2 FMD=  532.719 (12s)
dit/flow s1 euler/u nfe=  4 FMD=   62.812 (24s)
dit/flow s1 euler/u nfe=  8 FMD=   12.272 (48s)
dit/flow s1 euler/u nfe= 16 FMD=    5.246 (97s)
dit/flow s1 euler/u nfe= 32 FMD=    3.210 (193s)
dit/flow s1 euler/u nfe= 64 FMD=    2.559 (387s)
dit/flow s1 euler/t nfe=  2 FMD=  532.719 (12s)
dit/flow s1 euler/t nfe=  4 FMD=   68.160 (24s)
dit/flow s1 euler/t nfe=  8 FMD=   14.196 (48s)
dit/flow s1 euler/t nfe= 16 FMD=    5.374 (96s)
dit/flow s1 euler/t nfe= 32 FMD=    3.346 (193s)
dit/flow s1 euler/t nfe= 64 FMD=    2.609 (386s)
